PLANT: (Lit::Str(e), LiteralValue::String(g)) => *e == g.as_str(),  ==>  (Lit::Str(_e), LiteralValue::String(_g)) => true, // MUTATED-L1
EXIT: 100


warning: verter_tsc v0.0.1-beta.3 (<REPO>-wt-a2\crates\verter_tsc) ignoring invalid dependency `verter_tsc` which is missing a lib target
   Compiling verter_session v0.0.1-beta.3 (<REPO>-wt-a2\crates\verter_session)
    Finished `test` profile [unoptimized + debuginfo] target(s) in 22.43s
────────────
 Nextest run ID 3d7a2ba3-e9a8-46f6-8855-6d243f3c2794 with nextest profile: default
    Starting 40 tests across 4 binaries (8664 tests skipped)
        PASS [   0.025s] ( 1/40) verter_session u6_flow_shape_corpus_tests::conformance::unassigned_parked_rows_are_named
        PASS [   0.036s] ( 2/40) verter_session u6_flow_shape_corpus_tests::corpus_suite::corpus_probe_programs
        PASS [   0.051s] ( 3/40) verter_session u6_flow_shape_corpus_tests::corpus_suite::corpus_ids_are_unique_and_well_formed
        PASS [   0.056s] ( 4/40) verter_session u6_flow_shape_corpus_tests::u6_flow_expect_tests::expectation_controls::bare_ref_expectation_rejects_a_wrong_name
        PASS [   0.031s] ( 5/40) verter_session u6_flow_shape_corpus_tests::u6_flow_expect_tests::matrix_suite::agreeing_fixed_cells_bind_checker_to_their_pin
        PASS [   0.059s] ( 6/40) verter_session u6_flow_shape_corpus_tests::programme_ledgers::every_typescript_row_asserts_the_semantic_answer
        PASS [   0.059s] ( 7/40) verter_session u6_flow_shape_corpus_tests::u6_flow_expect_tests::expectation_controls::object_expectation_rejects_wrong_missing_extra_and_duplicate_members
        PASS [   0.065s] ( 8/40) verter_session u6_flow_shape_corpus_tests::conformance::corpus_conformance_by_owner
        PASS [   0.068s] ( 9/40) verter_session u6_flow_shape_corpus_tests::u6_flow_expect_tests::matrix_outcome_controls::cell_outcome_class_clauses_reject_the_opposite_class
        PASS [   0.077s] (10/40) verter_session u6_flow_shape_corpus_tests::programme_ledgers::narrowing_rows_are_owned_by_a_narrow_block
        PASS [   0.092s] (11/40) verter_session u6_flow_shape_corpus_tests::u6_flow_expect_tests::expectation_controls::boundary_warm_pair_clauses_fail_individually
        PASS [   0.092s] (12/40) verter_session u6_flow_shape_corpus_tests::programme_ledgers::the_framework_only_worklist_is_pinned
        PASS [   0.098s] (13/40) verter_session u6_flow_shape_corpus_tests::u6_flow_expect_tests::expectation_controls::intersection_expectation_rejects_a_wrong_arm
        PASS [   0.099s] (14/40) verter_session u6_flow_shape_corpus_tests::u6_flow_expect_tests::expectation_controls::type_param_expectation_rejects_a_wrong_name
        PASS [   0.109s] (15/40) verter_session u6_flow_shape_corpus_tests::corpus_suite::corpus_expect_and_boundary_lane
        FAIL [   0.116s] (16/40) verter_session u6_flow_shape_corpus_tests::u6_flow_expect_tests::expectation_controls::literal_expectation_rejects_a_different_value
  stdout ───

    running 1 test
    test u6_flow_shape_corpus_tests::u6_flow_expect_tests::expectation_controls::literal_expectation_rejects_a_different_value ... FAILED

    failures:

    failures:
        u6_flow_shape_corpus_tests::u6_flow_expect_tests::expectation_controls::literal_expectation_rejects_a_different_value

    test result: FAILED. 0 passed; 1 failed; 0 ignored; 0 measured; 6199 filtered out; finished in 0.01s

  stderr ───

    thread 'u6_flow_shape_corpus_tests::u6_flow_expect_tests::expectation_controls::literal_expectation_rejects_a_different_value' (185388) panicked at crates\verter_session\src\u6_flow_expect_tests.rs:1811:17:
    an expectation that cannot reject a DIFFERENT literal is a stub
    note: run with `RUST_BACKTRACE=1` environment variable to display a backtrace

        PASS [   0.132s] (17/40) verter_session u6_flow_shape_corpus_tests::oracle::every_row_records_the_checkers_answer
        PASS [   0.147s] (18/40) verter_session u6_flow_shape_corpus_tests::u6_flow_expect_tests::expectation_controls::cache_replay_assertion_fails_in_both_directions
        PASS [   0.147s] (19/40) verter_session u6_flow_shape_corpus_tests::u6_flow_expect_tests::expectation_controls::boundary_replay_drift_and_no_value_clauses_fail
        PASS [   0.155s] (20/40) verter_session u6_flow_shape_corpus_tests::u6_flow_expect_tests::expectation_controls::stamps_match_the_pinned_oracle_and_profile
        PASS [   0.157s] (21/40) verter_session u6_flow_shape_corpus_tests::u6_flow_expect_tests::expectation_controls::type_param_identity_is_distinct_from_references
        PASS [   0.170s] (22/40) verter_session u6_flow_shape_corpus_tests::u6_flow_expect_tests::expectation_controls::opaque_unmodeled_position_marker_is_discriminating
        PASS [   0.181s] (23/40) verter_session u6_flow_shape_corpus_tests::u6_flow_expect_tests::matrix_outcome_controls::cell_value_clauses_each_reject_a_wrong_pin
        PASS [   0.222s] (24/40) verter_session u6_flow_shape_corpus_tests::oracle::the_probe_discriminates_in_both_directions
        PASS [   0.238s] (25/40) verter_session u6_flow_shape_corpus_tests::u6_flow_expect_tests::expectation_controls::reference_identity_trio_is_distinct
        PASS [   0.248s] (26/40) verter_session u6_flow_shape_corpus_tests::u6_flow_expect_tests::expectation_controls::boundary_first_call_cold_clauses_fail_against_a_warm_first_trace
        FAIL [   0.262s] (27/40) verter_session u6_flow_shape_corpus_tests::u6_flow_expect_tests::expectation_controls::signature_expectation_rejects_a_different_return
  stdout ───

    running 1 test
    test u6_flow_shape_corpus_tests::u6_flow_expect_tests::expectation_controls::signature_expectation_rejects_a_different_return ... FAILED

    failures:

    failures:
        u6_flow_shape_corpus_tests::u6_flow_expect_tests::expectation_controls::signature_expectation_rejects_a_different_return

    test result: FAILED. 0 passed; 1 failed; 0 ignored; 0 measured; 6199 filtered out; finished in 0.02s

  stderr ───

    thread 'u6_flow_shape_corpus_tests::u6_flow_expect_tests::expectation_controls::signature_expectation_rejects_a_different_return' (91580) panicked at crates\verter_session\src\u6_flow_expect_tests.rs:1855:17:
    exactly ONE of `() => "a"` / `() => "b"` may match (measured () => "a") — a matcher satisfied by both distinguishes nothing
    note: run with `RUST_BACKTRACE=1` environment variable to display a backtrace

        FAIL [   0.271s] (28/40) verter_session u6_flow_shape_corpus_tests::u6_flow_expect_tests::expectation_controls::union_set_equality_rejects_subset_and_superset
  stdout ───

    running 1 test
    test u6_flow_shape_corpus_tests::u6_flow_expect_tests::expectation_controls::union_set_equality_rejects_subset_and_superset ... FAILED

    failures:

    failures:
        u6_flow_shape_corpus_tests::u6_flow_expect_tests::expectation_controls::union_set_equality_rejects_subset_and_superset

    test result: FAILED. 0 passed; 1 failed; 0 ignored; 0 measured; 6199 filtered out; finished in 0.01s

  stderr ───

    thread 'u6_flow_shape_corpus_tests::u6_flow_expect_tests::expectation_controls::union_set_equality_rejects_subset_and_superset' (36844) panicked at crates\verter_session\src\u6_flow_expect_tests.rs:1894:17:
    a swapped member must fail
    note: run with `RUST_BACKTRACE=1` environment variable to display a backtrace

        PASS [   0.225s] (29/40) verter_session u6_flow_shape_corpus_tests::u6_flow_expect_tests::matrix_suite::no_value_cells_record_their_gap
        PASS [   0.287s] (30/40) verter_session u6_flow_shape_corpus_tests::corpus_suite::checker_column_cross_validates_against_live_rendering
        PASS [   0.233s] (31/40) verter_session u6_flow_shape_corpus_tests::u6_flow_expect_tests::matrix_suite::position_dependent_pins_record_a_real_divergence
        PASS [   0.236s] (32/40) verter_session u6_flow_shape_corpus_tests::verdict_consistency::the_open_debt_ledger_is_pinned
        PASS [   0.241s] (33/40) verter_session u6_flow_shape_corpus_tests::verdict_consistency::every_verdict_is_corroborated_by_the_row_it_labels
        PASS [   0.239s] (34/40) verter_session u6_flow_shape_corpus_tests::verdict_consistency::value_indistinct_rows_carry_deep_pins_or_are_named_shallow
        PASS [   0.311s] (35/40) verter_session u6_flow_shape_corpus_tests::u6_flow_expect_tests::matrix_suite::same_capture_write_cell_is_position_independent
        PASS [   0.428s] (36/40) verter_session u6_flow_shape_corpus_tests::u6_flow_expect_tests::matrix_suite::matrix_cells_hold_their_pins
        PASS [   1.713s] (37/40) verter_session u6_flow_shape_corpus_tests::corpus_suite::corpus_svelte_twins
        PASS [   1.747s] (38/40) verter_session u6_flow_shape_corpus_tests::corpus_suite::corpus_flow_lane
        PASS [   1.922s] (39/40) verter_session u6_flow_shape_corpus_tests::corpus_suite::corpus_tsx_lane
        PASS [   1.934s] (40/40) verter_session u6_flow_shape_corpus_tests::corpus_suite::corpus_runtime_lane
────────────
     Summary [   1.948s] 40 tests run: 37 passed, 3 failed, 8664 skipped
        FAIL [   0.116s] (16/40) verter_session u6_flow_shape_corpus_tests::u6_flow_expect_tests::expectation_controls::literal_expectation_rejects_a_different_value
        FAIL [   0.262s] (27/40) verter_session u6_flow_shape_corpus_tests::u6_flow_expect_tests::expectation_controls::signature_expectation_rejects_a_different_return
        FAIL [   0.271s] (28/40) verter_session u6_flow_shape_corpus_tests::u6_flow_expect_tests::expectation_controls::union_set_equality_rejects_subset_and_superset
error: test run failed
