{"version":3,"file":"App.vue","names":[],"sources":["App.vue"],"sourcesContent":["<script setup lang=\"ts\">\nimport Outer from './Outer.vue'\nimport Inner from './Inner.vue'\nimport Leaf from './Leaf.vue'\n</script>\n<template>\n  <div>\n    <section>\n      <Outer>\n        <template #body>\n          <Inner>\n            <Leaf />\n          </Inner>\n        </template>\n      </Outer>\n    </section>\n  </div>\n</template>"],"mappings":"AACA,8B,GAA8B,C;AAC9B,8B,GAA8B,C;AAC9B,4B,GAA4B,C;A;;AAH5B;AAAwB;AACO;AACA;AACF;AAC7B;;;;;;;;A,EACU;AACV;AACA;AACA;AACA,QAAQ,IAAW,IAAI,EAAC;AACxB;AACA;AACA;AACA,QAAQ,GAAW;AACnB;AACA;AACA;A,G;8G,G;2G,GALa,IADF,KACC;0GADF;uHAFJ;mI;;;;;;;;;;;;;;;;;;;;;;A"}