{"x_verter_helper_preamble_end":{"line":3,"character":0},"version":3,"file":"App.vue","names":[],"sources":["App.vue"],"sourcesContent":["<script setup lang=\"ts\">\nconst msg = 'hi'\n</script>\n<template>\n  <div class=\"a\"><span>{{ msg }}</span></div>\n</template>"],"mappings":"A;A;;AAAA;AAAwB;AACxB,MAAM;AACN;;;;;;;;;;A,iC,Q;IADM,G,2B;A,EAEI;AACV,E,GAAG,a,GAAsC,G,C,GAAvB,I,GAAgB,I,CAAX,CAAE,KAAK,C,G,GAAe;A,G;;;;;;;;;;;;;;;;;;;;;;A"}
