{"x_verter_helper_preamble_end":{"line":6,"character":0},"version":3,"file":"App.vue","names":[],"sources":["App.vue"],"sourcesContent":["<script setup lang=\"ts\">\nimport Outer from './Outer.vue'\nimport Inner from './Inner.vue'\nimport Leaf from './Leaf.vue'\n</script>\n<template>\n  <div>\n    <section>\n      <Outer>\n        <template #body>\n          <Inner>\n            <Leaf />\n          </Inner>\n        </template>\n      </Outer>\n    </section>\n  </div>\n</template>"],"mappings":"A;AACA,+B;AACA,+B;AACA,6B;A;;AAHA;AAAwB;AACO;AACA;AACF;AAC7B;;;;;;;;A,EACU;AACV,E,GAAG,G,GAUC,G,CAVG;AACP,I,GAAK,O,GAQC,O,CARO;AACb,M,GAAO,K,GAMC,K,CANK;AACb,QAAQ,IAAW,IAAI,EAAC;AACxB,U,GAAW,K,GAEC,K,CAFK;AACjB;AACA,U,GAAkB;AAClB,QAAQ,GAAW;AACnB,M,GAAc;AACd,I,GAAc;AACd,E,GAAQ;A,G;8G,G;2G,GALK,IADF,KACC;0GADF;uHAFJ;mI;;;;;;;;;;;;;;;;;;;;;;A"}