{"x_verter_helper_preamble_end":{"line":6,"character":0},"version":3,"file":"App.vue","names":[],"sources":["App.vue"],"sourcesContent":["<script setup lang=\"ts\">\nimport Card from './Card.vue'\nimport Panel from './Panel.vue'\nimport Row from './Row.vue'\n</script>\n<template>\n  <Card>\n    <template #header=\"{ title }\">\n      <Row>{{ title }}</Row>\n    </template>\n    <template #default>\n      <Panel />\n      leading text\n    </template>\n  </Card>\n</template>"],"mappings":"A;AACA,6B;AACA,+B;AACA,2B;A;;AAHA;AAAwB;AACK;AACE;AACJ;AAC3B;;;;;;;;A,EACU;AACV,E,GAAG,I,GAQC,I,CARI;AACR,IAAI,IAAW,MAAM,E,gBAAE,S,+GAAW;AAClC,M,GAAO,G,GAAiB,G,CAAb,CAAE,OAAO,C,GAAQ;AAC5B,I,WAAI,GAAW;AACf,IAAI,IAAW,OAAO,EAAC;AACvB;AACA,M,EAAM,Y,EAAY;AAClB,IAAI,GAAW;AACf,E,GAAS;A,G;8G,G;6G,G;8G,E,GANE,YAAJ,GAGA,KAAQ,YAHT;uHAGA;0GALJ;qI;;;;;;;;;;;;;;;;;;;;;;A"}