/** @jsxImportSource vue */
import Card from './Card.vue'
import Panel from './Panel.vue'
import Row from './Row.vue'
import type { Prettify as ___VERTER___Prettify, ExtractComponentProps as ___VERTER___ExtractComponentProps, ExtractLeafElement as ___VERTER___ExtractLeafElement, GlobalComponentType as ___VERTER___GlobalComponentType, GlobalComponentKebabType as ___VERTER___GlobalComponentKebabType } from "@verter/types";
import { shallowUnwrapRef as ___VERTER___shallowUnwrapRef, enhanceElementWithProps as ___VERTER___enhanceElementWithProps, extractRenderComponent as ___VERTER___extractRenderComponent, instantiateComponent as ___VERTER___instantiateComponent, extractArgumentsFromRenderSlot as ___VERTER___extractArgumentsFromRenderSlot, runCustomDirective as ___VERTER___runCustomDirective, retrieveSetupDirectives as ___VERTER___retrieveSetupDirectives, strictRenderSlot as ___VERTER___strictRenderSlot, checkRequiredSlots as ___VERTER___checkRequiredSlots, globalComponentsNav as ___VERTER___globalComponentsNav } from "@verter/types";
;export function ___VERTER___TemplateBindingFN() {





// @ts-ignore
let ___VERTER___instance!: Omit<InstanceType<import('./App.vue.verter.ts')['default']>, '$attrs'> & { $attrs: ___VERTER___Attrs };
void ___VERTER___instance;
const ___VERTER___directiveAccessor = ___VERTER___retrieveSetupDirectives(___VERTER___instance);
void ___VERTER___directiveAccessor;

{
<>
  <><Card></Card>
    <>{"header"}{(() => { const { title } = ___VERTER___extractArgumentsFromRenderSlot(___VERTER___instantiateComponent(Card, {}), "header"); return (<>
      <><Row></Row>{ title }</>
    </>); })()}</>
    <>{"default"}
      <Panel />
      {"leading text"}
    </>
  </>
</>
___VERTER___strictRenderSlot({} as NonNullable<ReturnType<typeof ___VERTER___Comp186>['$slots']['default']>, []);
___VERTER___strictRenderSlot({} as NonNullable<ReturnType<typeof ___VERTER___Comp138>['$slots']['header']>, []);
___VERTER___strictRenderSlot({} as NonNullable<ReturnType<typeof ___VERTER___Comp138>['$slots']['default']>, [, ]);"" as stringRowPanel"" as string
___VERTER___checkRequiredSlots({} as NonNullable<ReturnType<typeof ___VERTER___Comp186>['$slots']>, { default: true });
___VERTER___checkRequiredSlots({} as NonNullable<ReturnType<typeof ___VERTER___Comp255>['$slots']>, {  });
___VERTER___checkRequiredSlots({} as NonNullable<ReturnType<typeof ___VERTER___Comp138>['$slots']>, { header: true, default: true });
} // close block scope

function ___VERTER___Comp138() {
  return ___VERTER___instantiateComponent(Card, {});
}
function ___VERTER___getRootComponent() { return ___VERTER___Comp138(); }
function ___VERTER___getRootComponentPassedProps() { return {}; }
type ___VERTER___RootElement = ReturnType<typeof ___VERTER___getRootComponent>;
type ___VERTER___RootElementProps = ___VERTER___Prettify<Omit<
  ___VERTER___ExtractComponentProps<___VERTER___RootElement>,
  keyof ReturnType<typeof ___VERTER___getRootComponentPassedProps>
>>;

type ___VERTER___Attrs = ___VERTER___attributes & ___VERTER___RootElementProps;

void ___VERTER___getRootComponent; void ___VERTER___getRootComponentPassedProps;
void ___VERTER___Comp138;
void (___VERTER___instance).valueOf;

return {};
} // close templateBindingFN

export { default } from './App.vue.verter.ts';

type ___VERTER___attributes = {};
